============================================================
TASK B: Candidate fixes on IN-B/IN-C
============================================================

--- Baseline (current HEAD prompt) ---

============================================================
VARIANT baseline -- prompt_len=17616
============================================================
  [baseline][IN-B] run 1/3... OK fr=stop pt=4966 ct=74 cls=para
    RAW: <corrected>今天的讲话是要指出我们现在学校里面出现的一些现象。比如有些同学下课之后徘徊在校园里不走，三五成群。还有，有的同学烫发、染黄头发，这个不符合校规。比如还有，有的同学不遵守课堂纪律，顶撞老师。上面的现象都是一些不好的，希望
  [baseline][IN-B] run 2/3... OK fr=stop pt=4966 ct=75 cls=para
    RAW: <corrected>今天的讲话是要指出我们现在学校里面出现的一些现象。比如，有些同学下课之后徘徊在校园里不走，三五成群。还有，有的同学烫发、染黄头发，这不符合校规。再比如，有的同学不遵守课堂纪律，顶撞老师。上面的现象都是一些不好的，希望大
  [baseline][IN-B] run 3/3... OK fr=stop pt=4966 ct=75 cls=para
    RAW: <corrected>今天的讲话是要指出我们现在学校里面出现的一些现象。比如有些同学下课之后徘徊在校园里不走，三五成群。还有，比如有的同学烫发、染黄头发，这个不符合校规。比如还有，有的同学不遵守课堂纪律，顶撞老师。上面的现象都是一些不好的，
  [baseline][IN-C] run 1/3... OK fr=stop pt=4947 ct=57 cls=para
    RAW: <corrected>我现在就要说出我们公司的一些不好的现象，比如有的同事迟到早退，不遵守公司的规章制度；还有的上班时间摸鱼玩手机；还有的同事工作成果不及时提交、不及时审核，造成了一定的损失。上面这些都需要注意。</corrected>
  [baseline][IN-C] run 2/3... OK fr=stop pt=4947 ct=57 cls=para
    RAW: <corrected>我现在就要说出我们公司的一些不好的现象，比如有的同事迟到早退，不遵守公司的规章制度；还有的上班时间摸鱼玩手机；还有的同事工作成果不及时提交、不及时审核，造成了一定的损失。上面这些都需要注意。</corrected>
  [baseline][IN-C] run 3/3... OK fr=stop pt=4947 ct=57 cls=para
    RAW: <corrected>我现在就要说出我们公司的一些不好的现象，比如有的同事迟到早退，不遵守公司的规章制度，还有的上班时间摸鱼玩手机，还有的同事工作的成果不及时提交、不及时审核，造成了一定的损失，上面这些都需要注意。</corrected>

--- V7: Keep marker words in unordered few-shot ---

============================================================
VARIANT V7 -- prompt_len=17621
============================================================
  [V7][IN-B] run 1/3... OK fr=stop pt=4969 ct=69 cls=para
    RAW: <corrected>今天的讲话是要指出我们现在学校里面出现的一些现象。比如有些同学下课之后徘徊在校园里不走，三五成群；还有的同学烫发、染黄头发，这不符合校规；还有的同学不遵守课堂纪律，顶撞老师。上面的现象都是一些不好的，希望大家听到了之后
  [V7][IN-B] run 2/3... OK fr=stop pt=4969 ct=72 cls=para
    RAW: <corrected>今天的讲话是要指出我们现在学校里面出现的一些现象。比如有些同学下课之后徘徊在校园里不走，三五成群。还有比如有的同学烫发、染黄头发，这个不符合校规。比如还有的同学不遵守课堂纪律，顶撞老师。上面的现象都是一些不好的，希望大
  [V7][IN-B] run 3/3... OK fr=stop pt=4969 ct=72 cls=para
    RAW: <corrected>今天的讲话是要指出我们现在学校里面出现的一些现象。比如有些同学下课之后徘徊在校园里不走，三五成群。还有比如有的同学烫发、染黄头发，这个不符合校规。比如还有的同学不遵守课堂纪律，顶撞老师。上面的现象都是一些不好的，希望大
  [V7][IN-C] run 1/3... OK fr=stop pt=4950 ct=57 cls=para
    RAW: <corrected>我现在就要说出我们公司的一些不好的现象，比如有的同事迟到早退，不遵守公司的规章制度；还有的上班时间摸鱼玩手机；还有的同事工作成果不及时提交、不及时审核，造成了一定的损失。上面这些都需要注意。</corrected>
  [V7][IN-C] run 2/3... OK fr=stop pt=4950 ct=57 cls=para
    RAW: <corrected>我现在就要说出我们公司的一些不好的现象，比如有的同事迟到早退，不遵守公司的规章制度；还有的上班时间摸鱼玩手机；还有的同事工作成果不及时提交、不及时审核，造成了一定的损失。上面这些都需要注意。</corrected>
  [V7][IN-C] run 3/3... WARNING: V8 insertion failed - anchor not found
OK fr=stop pt=4950 ct=60 cls=bullet
    RAW: <corrected>我现在就要说出我们公司的一些不好的现象：\n- 有的同事迟到早退，不遵守公司的规章制度\n- 有的上班时间摸鱼玩手机\n- 有的同事工作成果不及时提交、不及时审核，造成了一定的损失\n\n上面这些都需要注意。</cor

--- V8: Explicit mixed-structure authorization ---

============================================================
VARIANT V8 -- prompt_len=17616
============================================================
  [V8][IN-B] run 1/3... OK fr=stop pt=4966 ct=75 cls=para
    RAW: <corrected>今天的讲话是要指出我们现在学校里面出现的一些现象。比如有些同学下课之后徘徊在校园里不走，三五成群。还有，比如有的同学烫发、染黄头发，这个不符合校规。比如还有，有的同学不遵守课堂纪律，顶撞老师。上面的现象都是一些不好的，
  [V8][IN-B] run 2/3... OK fr=stop pt=4966 ct=86 cls=para
    RAW: <corrected>今天的讲话是要指出我们现在学校里面出现的一些现象。比如说，有些同学下课之后徘徊在校园里不走，三五成群。还有，比如有的同学烫发、染黄头发，这个不符合校规。再比如，有的同学不遵守课堂纪律，顶撞老师。上面的现象都是一些不好的
  [V8][IN-B] run 3/3... OK fr=stop pt=4966 ct=78 cls=para
    RAW: <corrected>今天的讲话是要指出我们现在学校里面出现的一些现象。比如有些同学下课之后徘徊在校园里不走，三五成群。还有，比如有的同学烫发、染黄头发、染头发，这个不符合校规。比如还有，有的同学不遵守课堂纪律，顶撞老师。上面的现象都是一些
  [V8][IN-C] run 1/3... OK fr=stop pt=4947 ct=57 cls=para
    RAW: <corrected>我现在就要说出我们公司的一些不好的现象，比如有的同事迟到早退，不遵守公司的规章制度；还有的上班时间摸鱼玩手机；还有的同事工作成果不及时提交、不及时审核，造成了一定的损失。上面这些都需要注意。</corrected>
  [V8][IN-C] run 2/3... OK fr=stop pt=4947 ct=57 cls=para
    RAW: <corrected>我现在就要说出我们公司的一些不好的现象，比如有的同事迟到早退，不遵守公司的规章制度；还有的上班时间摸鱼玩手机；还有的同事工作成果不及时提交、不及时审核，造成了一定的损失。上面这些都需要注意。</corrected>
  [V8][IN-C] run 3/3... OK fr=stop pt=4947 ct=57 cls=para
    RAW: <corrected>我现在就要说出我们公司的一些不好的现象，比如有的同事迟到早退，不遵守公司的规章制度；还有的上班时间摸鱼玩手机；还有的同事工作成果不及时提交、不及时审核，造成了一定的损失。上面这些都需要注意。</corrected>

=== TASK B SUMMARY ===
Baseline: IN-B=0/3 bullet, IN-C=0/3 bullet
V7:       IN-B=0/3 bullet, IN-C=1/3 bullet
V8:       IN-B=0/3 bullet, IN-C=0/3 bullet

--- V7+V8: Combined ---

============================================================
VARIANT V7+V8 -- prompt_len=17621
============================================================
  [V7+V8][IN-B] run 1/3... OK fr=stop pt=4969 ct=85 cls=para
    RAW: <corrected>今天的讲话是要指出我们现在学校里面出现的一些现象。比如，有些同学下课之后徘徊在校园里不走，三五成群。还有，有的同学烫发、染黄头发，这不符合校规。再比如，有的同学不遵守课堂纪律，顶撞老师。上面的现象都是一些不好的，希望大
  [V7+V8][IN-B] run 2/3... OK fr=stop pt=4969 ct=69 cls=para
    RAW: <corrected>今天的讲话是要指出我们现在学校里面出现的一些现象。比如有些同学下课之后徘徊在校园里不走，三五成群；还有的同学烫发、染黄头发，这不符合校规；还有的同学不遵守课堂纪律，顶撞老师。上面的现象都是一些不好的，希望大家听到了之后
  [V7+V8][IN-B] run 3/3... OK fr=stop pt=4969 ct=75 cls=para
    RAW: <corrected>今天的讲话是要指出我们现在学校里面出现的一些现象。比如，有些同学下课之后徘徊在校园里不走，三五成群；还有，有的同学烫发、染黄头发，这不符合校规；再比如，有的同学不遵守课堂纪律，顶撞老师。上面的现象都是一些不好的，希望大
  [V7+V8][IN-C] run 1/3... OK fr=stop pt=4950 ct=57 cls=para
    RAW: <corrected>我现在就要说出我们公司的一些不好的现象，比如有的同事迟到早退，不遵守公司的规章制度；还有的上班时间摸鱼玩手机；还有的同事工作成果不及时提交、不及时审核，造成了一定的损失。上面这些都需要注意。</corrected>
  [V7+V8][IN-C] run 2/3... OK fr=stop pt=4950 ct=57 cls=para
    RAW: <corrected>我现在就要说出我们公司的一些不好的现象，比如有的同事迟到早退，不遵守公司的规章制度；还有的上班时间摸鱼玩手机；还有的同事工作成果不及时提交、不及时审核，造成了一定的损失。上面这些都需要注意。</corrected>
  [V7+V8][IN-C] run 3/3... OK fr=stop pt=4950 ct=60 cls=bullet
    RAW: <corrected>我现在就要说出我们公司的一些不好的现象：\n- 有的同事迟到早退，不遵守公司的规章制度\n- 有的上班时间摸鱼玩手机\n- 有的同事工作成果不及时提交、不及时审核，造成了一定的损失\n\n上面这些都需要注意。</cor

============================================================
TASK C: Reverse controls
============================================================

--- baseline: C1/C2/C3 ---

============================================================
VARIANT baseline-C -- prompt_len=17616
============================================================
  [baseline-C][C1] run 1/3... OK fr=stop pt=4919 ct=41 cls=ordered
    RAW: <corrected>现在有三点现象要注意：\n1. 程序会崩溃退出。\n2. 输出的字符都是乱码。\n3. 运行一段时间之后就会异常报错。</corrected>
  [baseline-C][C1] run 2/3... OK fr=stop pt=4919 ct=41 cls=ordered
    RAW: <corrected>现在有三点现象要注意：\n1. 程序会崩溃退出。\n2. 输出的字符都是乱字符。\n3. 运行一段时间之后就会异常报错。</corrected>
  [baseline-C][C1] run 3/3... OK fr=stop pt=4919 ct=41 cls=ordered
    RAW: <corrected>现在有三点现象要注意：\n1. 程序会崩溃退出。\n2. 输出的字符都是乱码。\n3. 运行一段时间之后就会异常报错。</corrected>
  [baseline-C][C2] run 1/3... OK fr=stop pt=4896 ct=21 cls=para
    RAW: <corrected>今天雨下得很大，比如早上那阵就特别急。</corrected>
  [baseline-C][C2] run 2/3... OK fr=stop pt=4896 ct=21 cls=para
    RAW: <corrected>今天雨下得很大，比如早上那阵就特别急。</corrected>
  [baseline-C][C2] run 3/3... OK fr=stop pt=4896 ct=21 cls=para
    RAW: <corrected>今天雨下得很大，比如早上那阵就特别急。</corrected>
  [baseline-C][C3] run 1/3... OK fr=stop pt=4919 ct=42 cls=inline
    RAW: <corrected>今天到菜场去买菜，买了好多菜，然后三斤土豆、两斤八两的番茄、还有一斤半的西瓜、还有八斤的土豆。</corrected>
  [baseline-C][C3] run 2/3... OK fr=stop pt=4919 ct=42 cls=inline
    RAW: <corrected>今天到菜场去买菜，买了好多菜，然后三斤土豆、两斤八两的番茄、还有一斤半的西瓜、还有八斤的土豆。</corrected>
  [baseline-C][C3] run 3/3... OK fr=stop pt=4919 ct=42 cls=inline
    RAW: <corrected>今天到菜场去买菜，买了好多菜，然后三斤土豆、两斤八两的番茄、还有一斤半的西瓜、还有八斤的土豆。</corrected>

--- V7: C1/C2/C3 ---

============================================================
VARIANT V7-C -- prompt_len=17621
============================================================
  [V7-C][C1] run 1/3... OK fr=stop pt=4922 ct=41 cls=ordered
    RAW: <corrected>现在有三点现象要注意：\n1. 程序会崩溃退出。\n2. 输出的字符都是乱码。\n3. 运行一段时间之后就会异常报错。</corrected>
  [V7-C][C1] run 2/3... OK fr=stop pt=4922 ct=41 cls=ordered
    RAW: <corrected>现在有三点现象要注意：\n1. 程序会崩溃退出。\n2. 输出的字符都是乱字符。\n3. 运行一段时间之后就会异常报错。</corrected>
  [V7-C][C1] run 3/3... OK fr=stop pt=4922 ct=51 cls=ordered
    RAW: <corrected>现在有三点现象要注意：\n1. 程序会崩溃退出\n2. 输出的字符都是乱码\n3. 运行一段时间之后就会异常报错</corrected>\n{"suggestions":["乱码"]}
  [V7-C][C2] run 1/3... OK fr=stop pt=4899 ct=21 cls=para
    RAW: <corrected>今天雨下得很大，比如早上那阵就特别急。</corrected>
  [V7-C][C2] run 2/3... OK fr=stop pt=4899 ct=21 cls=para
    RAW: <corrected>今天雨下得很大，比如早上那阵就特别急。</corrected>
  [V7-C][C2] run 3/3... OK fr=stop pt=4899 ct=21 cls=para
    RAW: <corrected>今天雨下得很大，比如早上那阵就特别急。</corrected>
  [V7-C][C3] run 1/3... OK fr=stop pt=4922 ct=42 cls=inline
    RAW: <corrected>今天到菜场去买菜，买了好多菜，然后三斤土豆、两斤八两的番茄、还有一斤半的西瓜、还有八斤的土豆。</corrected>
  [V7-C][C3] run 2/3... OK fr=stop pt=4922 ct=42 cls=inline
    RAW: <corrected>今天到菜场去买菜，买了好多菜，然后三斤土豆、两斤八两的番茄、还有一斤半的西瓜、还有八斤的土豆。</corrected>
  [V7-C][C3] run 3/3... WARNING: V8 insertion failed - anchor not found
OK fr=stop pt=4922 ct=42 cls=inline
    RAW: <corrected>今天到菜场去买菜，买了好多菜，然后三斤土豆、两斤八两的番茄、还有一斤半的西瓜、还有八斤的土豆。</corrected>

--- V8: C1/C2/C3 ---

============================================================
VARIANT V8-C -- prompt_len=17616
============================================================
  [V8-C][C1] run 1/3... OK fr=stop pt=4919 ct=41 cls=ordered
    RAW: <corrected>现在有三点现象要注意：\n1. 程序会崩溃退出。\n2. 输出的字符都是乱码。\n3. 运行一段时间之后就会异常报错。</corrected>
  [V8-C][C1] run 2/3... OK fr=stop pt=4919 ct=51 cls=ordered
    RAW: <corrected>现在有三点现象要注意：\n1. 程序会崩溃退出。\n2. 输出的字符都是乱码。\n3. 运行一段时间之后就会异常报错。</corrected>\n{"suggestions":["乱码"]}
  [V8-C][C1] run 3/3... OK fr=stop pt=4919 ct=41 cls=ordered
    RAW: <corrected>现在有三点现象要注意：\n1. 程序会崩溃退出\n2. 输出的字符都是乱字符\n3. 运行一段时间之后就会异常报错</corrected>
  [V8-C][C2] run 1/3... OK fr=stop pt=4896 ct=21 cls=para
    RAW: <corrected>今天雨下得很大，比如早上那阵就特别急。</corrected>
  [V8-C][C2] run 2/3... OK fr=stop pt=4896 ct=21 cls=para
    RAW: <corrected>今天雨下得很大，比如早上那阵就特别急。</corrected>
  [V8-C][C2] run 3/3... OK fr=stop pt=4896 ct=21 cls=para
    RAW: <corrected>今天雨下得很大，比如早上那阵就特别急。</corrected>
  [V8-C][C3] run 1/3... OK fr=stop pt=4919 ct=42 cls=inline
    RAW: <corrected>今天到菜场去买菜，买了好多菜，然后三斤土豆、两斤八两的番茄、还有一斤半的西瓜、还有八斤的土豆。</corrected>
  [V8-C][C3] run 2/3... OK fr=stop pt=4919 ct=42 cls=inline
    RAW: <corrected>今天到菜场去买菜，买了好多菜，然后三斤土豆、两斤八两的番茄、还有一斤半的西瓜、还有八斤的土豆。</corrected>
  [V8-C][C3] run 3/3... OK fr=stop pt=4919 ct=42 cls=inline
    RAW: <corrected>今天到菜场去买菜，买了好多菜，然后三斤土豆、两斤八两的番茄、还有一斤半的西瓜、还有八斤的土豆。</corrected>

--- V7+V8: C1/C2/C3 ---

============================================================
VARIANT V7+V8-C -- prompt_len=17621
============================================================
  [V7+V8-C][C1] run 1/3... OK fr=stop pt=4922 ct=41 cls=ordered
    RAW: <corrected>现在有三点现象要注意：\n1. 程序会崩溃退出\n2. 输出的字符都是乱码\n3. 运行一段时间之后就会异常报错</corrected>
  [V7+V8-C][C1] run 2/3... OK fr=stop pt=4922 ct=41 cls=ordered
    RAW: <corrected>现在有三点现象要注意：\n1. 程序会崩溃退出。\n2. 输出的字符都是乱码。\n3. 运行一段时间之后就会异常报错。</corrected>
  [V7+V8-C][C1] run 3/3... OK fr=stop pt=4922 ct=41 cls=ordered
    RAW: <corrected>现在有三点现象要注意：\n1. 程序会崩溃退出。\n2. 输出的字符都是乱码。\n3. 运行一段时间之后就会异常报错。</corrected>
  [V7+V8-C][C2] run 1/3... OK fr=stop pt=4899 ct=21 cls=para
    RAW: <corrected>今天雨下得很大，比如早上那阵就特别急。</corrected>
  [V7+V8-C][C2] run 2/3... OK fr=stop pt=4899 ct=21 cls=para
    RAW: <corrected>今天雨下得很大，比如早上那阵就特别急。</corrected>
  [V7+V8-C][C2] run 3/3... OK fr=stop pt=4899 ct=21 cls=para
    RAW: <corrected>今天雨下得很大，比如早上那阵就特别急。</corrected>
  [V7+V8-C][C3] run 1/3... OK fr=stop pt=4922 ct=42 cls=inline
    RAW: <corrected>今天到菜场去买菜，买了好多菜，然后三斤土豆、两斤八两的番茄、还有一斤半的西瓜、还有八斤的土豆。</corrected>
  [V7+V8-C][C3] run 2/3... OK fr=stop pt=4922 ct=40 cls=inline
    RAW: <corrected>今天到菜场去买菜，买了好多菜：三斤土豆、两斤八两的番茄、一斤半的西瓜、还有八斤的土豆。</corrected>
  [V7+V8-C][C3] run 3/3... OK fr=stop pt=4922 ct=42 cls=inline
    RAW: <corrected>今天到菜场去买菜，买了好多菜，然后三斤土豆、两斤八两的番茄、还有一斤半的西瓜、还有八斤的土豆。</corrected>


Saved results to: D:\Workspace\CodeLab\voice-ime\collab\research\prompt-f3-v7v8-025b.json

============================================================
FINAL SUMMARY
============================================================

baseline (Task B):
Traceback (most recent call last):
  File "D:\Workspace\CodeLab\voice-ime\collab\research\harness_025b_task_bc.py", line 308, in <module>
    print(f"  {k}: {bullet}b/{ordered}o/{para}p/{inline}i {status}")
UnicodeEncodeError: 'gbk' codec can't encode character '\u274c' in position 20: illegal multibyte sequence
