SYS prompt_len=17616
  B0: 142 chars
  B1: 111 chars
  B2: 116 chars
  B3: 85 chars
  B4: 131 chars
  B5: 132 chars
  B6: 102 chars
  C0: 115 chars
  C1_prime: 104 chars

============================================================
GROUP B0 (142 chars)
TEXT: 今天的讲话呢是要指出我们现在学校里面出现的一些现象。啊，比如说有些同学啊下课之后徘徊在校园里不走，三五成群。还有啊，比如有的同学烫发、染黄头发、染头发，这个不符...
============================================================
  run 1/3... pt=4966 ct=75 cls=para
    RAW: <corrected>今天的讲话是要指出我们现在学校里面出现的一些现象。比如有些同学下课之后徘徊在校园里不走，三五成群。还有，比如有的同学烫发、染黄头发，这个不符合校规。比如还有，有的同学不遵守课堂纪律，顶撞老师。上面的现象都是一些不好的，
  run 2/3... pt=4966 ct=75 cls=para
    RAW: <corrected>今天的讲话是要指出我们现在学校里面出现的一些现象。比如，有些同学下课之后徘徊在校园里不走，三五成群；还有，有的同学烫发、染黄头发，这不符合校规；再比如，有的同学不遵守课堂纪律，顶撞老师。上面的现象都是一些不好的，希望大
  run 3/3... pt=4966 ct=75 cls=para
    RAW: <corrected>今天的讲话是要指出我们现在学校里面出现的一些现象。比如说有些同学下课之后徘徊在校园里不走，三五成群。还有，比如有的同学烫发、染黄头发，这个不符合校规。比如还有，有的同学不遵守课堂纪律，顶撞老师。上面的现象都是一些不好的
  → 0/3 bullet

============================================================
GROUP B1 (111 chars)
TEXT: 今天的讲话呢是要指出我们现在学校里面出现的一些现象。啊，比如说有些同学啊下课之后徘徊在校园里不走，三五成群。还有啊，比如有的同学烫发、染黄头发、染头发，这个不符...
============================================================
  run 1/3... pt=4951 ct=63 cls=para
    RAW: <corrected>今天的讲话是要指出我们现在学校里面出现的一些现象。比如，有些同学下课之后徘徊在校园里不走，三五成群；还有，有的同学烫发、染黄头发，这不符合校规；再比如，有的同学不遵守课堂纪律，顶撞老师。</corrected>
  run 2/3... pt=4951 ct=63 cls=para
    RAW: <corrected>今天的讲话是要指出我们现在学校里面出现的一些现象。比如有些同学下课之后徘徊在校园里不走，三五成群。还有，比如有的同学烫发、染黄头发，这个不符合校规。比如还有，有的同学不遵守课堂纪律，顶撞老师。</corrected>
  run 3/3... pt=4951 ct=63 cls=para
    RAW: <corrected>今天的讲话是要指出我们现在学校里面出现的一些现象。比如有些同学下课之后徘徊在校园里不走，三五成群。还有，比如有的同学烫发、染黄头发，这个不符合校规。比如还有，有的同学不遵守课堂纪律，顶撞老师。</corrected>
  → 0/3 bullet

============================================================
GROUP B2 (116 chars)
TEXT: 啊，比如说有些同学啊下课之后徘徊在校园里不走，三五成群。还有啊，比如有的同学烫发、染黄头发、染头发，这个不符合校规。呃，比如还有啊，有的同学不遵守课堂纪律，啊，...
============================================================
  run 1/3... pt=4954 ct=57 cls=para
    RAW: <corrected>有些同学下课之后徘徊在校园里不走，三五成群。还有的同学烫发、染黄头发，这不符合校规。还有的同学不遵守课堂纪律，顶撞老师。上面的现象都是一些不好的，希望大家听到了之后要及时纠正。</corrected>
  run 2/3... pt=4954 ct=57 cls=para
    RAW: <corrected>有些同学下课之后徘徊在校园里不走，三五成群。还有的同学烫发、染黄头发，这不符合校规。还有的同学不遵守课堂纪律，顶撞老师。上面的现象都是一些不好的，希望大家听到了之后要及时纠正。</corrected>
  run 3/3... pt=4954 ct=59 cls=para
    RAW: <corrected>有些同学下课之后徘徊在校园里不走，三五成群。还有的同学烫发、染黄头发，这不符合校规。另外，有的同学不遵守课堂纪律，顶撞老师。上面的现象都是一些不好的，希望大家听到了之后要及时纠正。</corrected>
  → 0/3 bullet

============================================================
GROUP B3 (85 chars)
TEXT: 啊，比如说有些同学啊下课之后徘徊在校园里不走，三五成群。还有啊，比如有的同学烫发、染黄头发、染头发，这个不符合校规。呃，比如还有啊，有的同学不遵守课堂纪律，啊，...
============================================================
  run 1/3... pt=4939 ct=45 cls=para
    RAW: <corrected>有些同学下课之后徘徊在校园里不走，三五成群。还有的同学烫发、染黄头发，这不符合校规。还有的同学不遵守课堂纪律，顶撞老师。</corrected>
  run 2/3... pt=4939 ct=45 cls=para
    RAW: <corrected>有些同学下课之后徘徊在校园里不走，三五成群。还有的同学烫发、染黄头发，这不符合校规。还有的同学不遵守课堂纪律，顶撞老师。</corrected>
  run 3/3... pt=4939 ct=44 cls=para
    RAW: <corrected>有些同学下课之后徘徊在校园里不走，三五成群；有的同学烫发、染黄头发，不符合校规；还有的同学不遵守课堂纪律，顶撞老师。</corrected>
  → 0/3 bullet

============================================================
GROUP B4 (131 chars)
TEXT: 今天的讲话呢是要指出我们现在学校里面出现的一些现象。啊，第一有些同学啊下课之后徘徊在校园里不走，三五成群。第二有的同学烫发、染黄头发、染头发，这个不符合校规。第...
============================================================
  run 1/3... pt=4958 ct=80 cls=ordered
    RAW: <corrected>今天的讲话是要指出我们现在学校里面出现的一些现象。\n\n1. 有些同学下课之后徘徊在校园里不走，三五成群。\n2. 有的同学烫发、染黄头发、染头发，这个不符合校规。\n3. 有的同学不遵守课堂纪律，顶撞老师。\n\n
  run 2/3... pt=4958 ct=90 cls=ordered
    RAW: <corrected>今天的讲话是要指出我们现在学校里面出现的一些现象。\n\n1. 有些同学下课之后徘徊在校园里不走，三五成群。\n2. 有的同学烫发、染黄头发、染头发，这个不符合校规。\n3. 有的同学不遵守课堂纪律，顶撞老师。\n\n
  run 3/3... pt=4958 ct=80 cls=ordered
    RAW: <corrected>今天的讲话是要指出我们现在学校里面出现的一些现象。\n1. 有些同学下课之后徘徊在校园里不走，三五成群。\n2. 有的同学烫发、染黄头发、染头发，这个不符合校规。\n3. 有的同学不遵守课堂纪律，顶撞老师。\n上面的现
  → 0/3 bullet

============================================================
GROUP B5 (132 chars)
TEXT: 今天的讲话是要指出我们现在学校里面出现的一些现象。，比如说有些同学下课之后徘徊在校园里不走，三五成群。还有，比如有的同学烫发、染黄头发、染头发，这个不符合校规。...
============================================================
  run 1/3... pt=4956 ct=76 cls=para
    RAW: <corrected>今天的讲话是要指出我们现在学校里面出现的一些现象。比如说，有些同学下课之后徘徊在校园里不走，三五成群。还有，比如有的同学烫发、染黄头发，这个不符合校规。再比如，还有的同学不遵守课堂纪律，顶撞老师。上面的现象都是一些不好
  run 2/3... pt=4956 ct=76 cls=para
    RAW: <corrected>今天的讲话是要指出我们现在学校里面出现的一些现象。比如说，有些同学下课之后徘徊在校园里不走，三五成群。还有，比如有的同学烫发、染黄头发，这个不符合校规。再比如，有的同学不遵守课堂纪律，顶撞老师。上面的现象都是一些不好的
  run 3/3... pt=4956 ct=78 cls=para
    RAW: <corrected>今天的讲话是要指出我们现在学校里面出现的一些现象。比如说有些同学下课之后徘徊在校园里不走，三五成群。还有，比如有的同学烫发、染黄头发、染头发，这个不符合校规。比如还有，有的同学不遵守课堂纪律，顶撞老师。上面的现象都是一
  → 0/3 bullet

============================================================
GROUP B6 (102 chars)
TEXT: 今天的讲话呢是要指出我们现在学校里面出现的一些现象。啊，比如说有些同学下课徘徊。还有啊，比如有的同学烫发。呃，比如还有啊，有的同学不遵守纪律。啊，上面的现象啊都...
============================================================
  run 1/3... pt=4938 ct=47 cls=para
    RAW: <corrected>今天的讲话是要指出我们现在学校里面出现的一些现象。比如有些同学下课徘徊，有的同学烫发，还有的同学不遵守纪律。上面的现象都是一些不好的，希望大家听到了之后要及时纠正。</corrected>
  run 2/3... pt=4938 ct=47 cls=para
    RAW: <corrected>今天的讲话是要指出我们现在学校里面出现的一些现象。比如有些同学下课徘徊，还有的同学烫发，还有的同学不遵守纪律。上面的现象都是一些不好的，希望大家听到了之后要及时纠正。</corrected>
  run 3/3... pt=4938 ct=47 cls=para
    RAW: <corrected>今天的讲话是要指出我们现在学校里面出现的一些现象。比如有些同学下课徘徊，有的同学烫发，还有的同学不遵守纪律。上面的现象都是一些不好的，希望大家听到了之后要及时纠正。</corrected>
  → 0/3 bullet

============================================================
GROUP C0 (115 chars)
TEXT: 我现在就要说出我们公司的一些不好的现象，比如有的同事迟到早退，啊，不遵守公司的规章制度，啊，比如还有啊，有的上班时间摸鱼玩手机，还有的同事呢就是，嗯，工作的这个...
============================================================
  run 1/3... pt=4947 ct=57 cls=para
    RAW: <corrected>我现在就要说出我们公司的一些不好的现象，比如有的同事迟到早退，不遵守公司的规章制度；还有的上班时间摸鱼玩手机；还有的同事工作成果不及时提交、不及时审核，造成了一定的损失。上面这些都需要注意。</corrected>
  run 2/3... pt=4947 ct=57 cls=para
    RAW: <corrected>我现在就要说出我们公司的一些不好的现象，比如有的同事迟到早退，不遵守公司的规章制度；还有的上班时间摸鱼玩手机；还有的同事工作成果不及时提交、不及时审核，造成了一定的损失。上面这些都需要注意。</corrected>
  run 3/3... pt=4947 ct=58 cls=para
    RAW: <corrected>我现在就要说出我们公司的一些不好的现象，比如有的同事迟到早退，不遵守公司的规章制度；比如还有的上班时间摸鱼玩手机；还有的同事工作成果不及时提交、不及时审核，造成了一定的损失。上面这些都需要注意。</corrected>
  → 0/3 bullet

============================================================
GROUP C1_prime (104 chars)
TEXT: 我现在就要说出我们公司的一些不好的现象，比如有的同事迟到早退，啊，不遵守公司的规章制度，啊，比如还有啊，有的上班时间摸鱼玩手机，还有的同事呢就是，嗯，工作的这个...
============================================================
  run 1/3... pt=4942 ct=52 cls=para
    RAW: <corrected>我现在就要说出我们公司的一些不好的现象，比如有的同事迟到早退，不遵守公司的规章制度；还有的上班时间摸鱼玩手机；还有的同事工作成果不及时提交、不及时审核，造成了一定的损失。</corrected>
  run 2/3... pt=4942 ct=52 cls=para
    RAW: <corrected>我现在就要说出我们公司的一些不好的现象，比如有的同事迟到早退，不遵守公司的规章制度；还有的上班时间摸鱼玩手机；还有的同事工作成果不及时提交、不及时审核，造成了一定的损失。</corrected>
  run 3/3... pt=4942 ct=52 cls=para
    RAW: <corrected>我现在就要说出我们公司的一些不好的现象，比如有的同事迟到早退，不遵守公司的规章制度；还有的上班时间摸鱼玩手机；还有的同事工作成果不及时提交、不及时审核，造成了一定的损失。</corrected>
  → 0/3 bullet


Total API calls: 27
Saved to: D:\Workspace\CodeLab\voice-ime\collab\research\prompt-f3-input-bisect-025c.json

============================================================
SUMMARY
============================================================
  B0: 0b/0o/3pTraceback (most recent call last):
  File "D:\Workspace\CodeLab\voice-ime\collab\research\harness_025c.py", line 254, in <module>
    print("  \u274c PARA")
UnicodeEncodeError: 'gbk' codec can't encode character '\u274c' in position 2: illegal multibyte sequence
