SYS prompt_len=17616
  B9: 103 chars
  B10: 123 chars
  B8: 45 chars

============================================================
GROUP B9 (103 chars)
TEXT: 今天的讲话呢是要指出我们现在学校里面出现的一些现象。啊，比如嗯英语学习要多读多背，再比如啊多听一些视频的节目，还有比如就是要呃多出去和别人交流。啊，上面的现象啊都是一些不好的，希望大家听到了之后要及时纠正。
============================================================
  run 1/3... pt=4939 ct=54 cls=para
    RAW: <corrected>今天的讲话是要指出我们现在学校里面出现的一些现象。比如英语学习要多读多背，再比如多听一些视频的节目，还有就是要多出去和别人交流。上面的现象都是一些不好的，希望大家听到了之后要及时纠正。</corrected>
  run 2/3... pt=4939 ct=54 cls=para
    RAW: <corrected>今天的讲话是要指出我们现在学校里面出现的一些现象。比如英语学习要多读多背，再比如多听一些视频的节目，还有就是要多出去和别人交流。上面的现象都是一些不好的，希望大家听到了之后要及时纠正。</corrected>
  run 3/3... pt=4939 ct=53 cls=para
    RAW: <corrected>今天的讲话是要指出我们现在学校里面出现的一些现象。比如英语学习要多读多背，再比如多听一些视频的节目，还有就是多出去和别人交流。上面的现象都是一些不好的，希望大家听到了之后要及时纠正。</corrected>
  → 0b/0o/3p

============================================================
GROUP B10 (123 chars)
TEXT: 今天的讲话呢是要指出我们现在学校里面出现的一些现象。啊，比如说有些同学下课之后在校园里徘徊不走。还有啊，比如有的同学烫发染发不符合校规。呃，比如还有啊，有的同学不遵守课堂纪律顶撞老师。啊，上面的现象啊都是一些不好的，希望大家听到了之后要及时纠正。
============================================================
  run 1/3... pt=4952 ct=66 cls=para
    RAW: <corrected>今天的讲话是要指出我们现在学校里面出现的一些现象。比如，有些同学下课之后在校园里徘徊不走；还有，有的同学烫发染发不符合校规；再有，有的同学不遵守课堂纪律顶撞老师。上面的现象都是一些不好的，希望大家听到了之后要及时纠正。
  run 2/3... pt=4952 ct=61 cls=para
    RAW: <corrected>今天的讲话是要指出我们现在学校里面出现的一些现象。比如有些同学下课之后在校园里徘徊不走，还有的同学烫发染发不符合校规，还有的同学不遵守课堂纪律顶撞老师。上面的现象都是一些不好的，希望大家听到了之后要及时纠正。</cor
  run 3/3... pt=4952 ct=61 cls=para
    RAW: <corrected>今天的讲话是要指出我们现在学校里面出现的一些现象。比如有些同学下课之后在校园里徘徊不走，还有的同学烫发染发不符合校规，还有的同学不遵守课堂纪律顶撞老师。上面的现象都是一些不好的，希望大家听到了之后要及时纠正。</cor
  → 0b/0o/3p

============================================================
GROUP B8 (45 chars)
TEXT: 啊，比如说有些同学下课徘徊。还有啊，比如有的同学烫发。呃，比如还有啊，有的同学不遵守纪律。
============================================================
  run 1/3... pt=4911 ct=23 cls=para
    RAW: <corrected>有些同学下课徘徊，有的同学烫发，还有的同学不遵守纪律。</corrected>
  run 2/3... pt=4911 ct=23 cls=para
    RAW: <corrected>有些同学下课徘徊，有的同学烫发，有的同学不遵守纪律。</corrected>
  run 3/3... pt=4911 ct=23 cls=para
    RAW: <corrected>有些同学下课徘徊，有的同学烫发，还有的同学不遵守纪律。</corrected>
  → 0b/0o/3p


Total API calls: 9
Saved to: D:\Workspace\CodeLab\voice-ime\collab\research\prompt-f3-item-bisect-025d.json

============================================================
SUMMARY
============================================================
  B9: 0b/0o/3p  [PARA]
  B10: 0b/0o/3p  [PARA]
  B8: 0b/0o/3p  [PARA]
